// Jest Snapshot v1, https://goo.gl/fbAQLP

exports[`should correctly render UserInput component 1`] = `
<View
  style={
    {
      "marginHorizontal": 24,
    }
  }
>
  <Text
    style={
      {
        "color": "#414959",
        "fontWeight": "300",
      }
    }
  >
    some_name
  </Text>
  <TextInput
    keyboardType="default"
    onChangeText={[Function]}
    secureTextEntry={false}
    style={
      {
        "borderBottomColor": "#8e93a1",
        "borderBottomWidth": 0.5,
        "height": 48,
        "marginBottom": 30,
      }
    }
    value="some_value"
  />
</View>
`;
