// Jest Snapshot v1, https://goo.gl/fbAQLP

exports[`should correctly render Home screen 1`] = `
<View
  style={
    Object {
      "flex": 1,
      "justifyContent": "center",
    }
  }
>
  <Text
    style={
      Object {
        "fontSize": 28,
        "textAlign": "center",
      }
    }
  >
    Wkrótce otrzymasz powiadomienie, które przypomni Ci o zażyciu leku/suplementu 💊 lub o kończących się zapasach
  </Text>
  <Text
    style={
      Object {
        "color": "#525252",
        "fontSize": 24,
        "marginTop": 10,
        "textAlign": "center",
      }
    }
  >
    W godzinie zażycia medykamentu pojawi się przycisk, dzięki któremu potwierdzisz, że właśnie został przez Ciebie przyjęty 🙂
  </Text>
</View>
`;
