// Jest Snapshot v1, https://goo.gl/fbAQLP

exports[`should correctly render PillButton 1`] = `
<View
  accessibilityState={
    {
      "busy": undefined,
      "checked": undefined,
      "disabled": undefined,
      "expanded": undefined,
      "selected": undefined,
    }
  }
  accessibilityValue={
    {
      "max": undefined,
      "min": undefined,
      "now": undefined,
      "text": undefined,
    }
  }
  accessible={true}
  collapsable={false}
  focusable={true}
  onClick={[Function]}
  onResponderGrant={[Function]}
  onResponderMove={[Function]}
  onResponderRelease={[Function]}
  onResponderTerminate={[Function]}
  onResponderTerminationRequest={[Function]}
  onStartShouldSetResponder={[Function]}
  style={
    {
      "backgroundColor": "#525252",
      "borderRadius": 24,
      "height": 50,
      "justifyContent": "center",
      "marginBottom": 20,
      "marginHorizontal": 15,
      "opacity": 1,
    }
  }
  testID="btn-pill"
>
  <Text
    style={
      {
        "color": "#fff",
        "fontSize": 24,
        "fontWeight": "300",
        "textAlign": "center",
      }
    }
  />
</View>
`;
